
================================================================================
PROFILE UPSERT RESPONSE
================================================================================
{
  "ok": true
}

================================================================================
GET PROFILE RESPONSE
================================================================================
{
  "user_id": "1001",
  "diet_restrictions": "",
  "preferred_cuisines": "japanese,mexican,coffee",
  "budget_max_price_level": 2,
  "dining_style": "casual",
  "max_distance_m": 2000
}

Detected test location: lat=32.9511, lng=-117.2241

================================================================================
DEBUG RECOMMEND [lunch, walk, 30 min]
================================================================================
{
  "request_context": {
    "lat": 32.9511,
    "lng": -117.2241,
    "time_available_min": 30,
    "max_distance_m": 2000,
    "time_of_day": "lunch",
    "transport_mode": "walk"
  },
  "user_profile": {
    "user_id": "1001",
    "diet_restrictions": "",
    "preferred_cuisines": "japanese,mexican,coffee",
    "budget_max_price_level": 2,
    "dining_style": "casual",
    "max_distance_m": 2000
  },
  "yelp_request": {
    "lat": 32.9511,
    "lng": -117.2241,
    "radius_m": 2000,
    "limit": 20,
    "price": "1,2",
    "categories": [
      "japanese",
      "mexican",
      "coffee"
    ],
    "open_now": true
  },
  "raw_yelp_count": 20,
  "raw_yelp_sample": [
    {
      "id": "Ppwgm9v_iD00_16i2V7yHg",
      "alias": "katana-sushi-san-diego-2",
      "name": "Katana Sushi",
      "image_url": "https://s3-media0.fl.yelpcdn.com/bphoto/XIA89ahZ2AeEYhN3be5Kwg/o.jpg",
      "is_closed": false,
      "url": "https://www.yelp.com/biz/katana-sushi-san-diego-2?adjust_creative=jJ612pTMk6t5XIoy6dADWA&utm_campaign=yelp_api_v3&utm_medium=api_v3_business_search&utm_source=jJ612pTMk6t5XIoy6dADWA",
      "review_count": 737,
      "categories": [
        {
          "alias": "sushi",
          "title": "Sushi Bars"
        },
        {
          "alias": "japanese",
          "title": "Japanese"
        },
        {
          "alias": "noodles",
          "title": "Noodles"
        }
      ],
      "rating": 4.0,
      "coordinates": {
        "latitude": 32.95399551489792,
        "longitude": -117.23005483312645
      },
      "transactions": [
        "delivery"
      ],
      "price": "$$",
      "location": {
        "address1": "12750 Carmel Country Rd",
        "address2": "",
        "address3": "",
        "city": "San Diego",
        "zip_code": "92130",
        "country": "US",
        "state": "CA",
        "display_address": [
          "12750 Carmel Country Rd",
          "San Diego, CA 92130"
        ]
      },
      "phone": "+18587932933",
      "display_phone": "(858) 793-2933",
      "distance": 642.166043758539,
      "business_hours": [
        {
          "open": [
            {
              "is_overnight": false,
              "start": "1130",
              "end": "2100",
              "day": 0
            },
            {
              "is_overnight": false,
              "start": "1130",
              "end": "2100",
              "day": 1
            },
            {
              "is_overnight": false,
              "start": "1130",
              "end": "2100",
              "day": 2
            },
            {
              "is_overnight": false,
              "start": "1130",
              "end": "2100",
              "day": 3
            },
            {
              "is_overnight": false,
              "start": "1130",
              "end": "2130",
              "day": 4
            },
            {
              "is_overnight": false,
              "start": "1130",
              "end": "2130",
              "day": 5
            },
            {
              "is_overnight": false,
              "start": "1700",
              "end": "2100",
              "day": 6
            }
          ],
          "hours_type": "REGULAR",
          "is_open_now": true
        }
      ],
      "attributes": {
        "business_temp_closed": null,
        "menu_url": "https://www.ktnsushi.com/menu",
        "open24_hours": null,
        "waitlist_reservation": false
      }
    },
    {
      "id": "YMtSg1grD_gm9Epe7uAdeg",
      "alias": "rubios-coastal-grill-san-diego-24",
      "name": "Rubio's Coastal Grill",
      "image_url": "https://s3-media0.fl.yelpcdn.com/bphoto/UJYu1iEtATUDKlX2CRGXpg/o.jpg",
      "is_closed": false,
      "url": "https://www.yelp.com/biz/rubios-coastal-grill-san-diego-24?adjust_creative=jJ612pTMk6t5XIoy6dADWA&utm_campaign=yelp_api_v3&utm_medium=api_v3_business_search&utm_source=jJ612pTMk6t5XIoy6dADWA",
      "review_count": 208,
      "categories": [
        {
          "alias": "mexican",
          "title": "Mexican"
        },
        {
          "alias": "seafood",
          "title": "Seafood"
        },
        {
          "alias": "salad",
          "title": "Salad"
        }
      ],
      "rating": 3.1,
      "coordinates": {
        "latitude": 32.95436,
        "longitude": -117.23061
      },
      "transactions": [
        "delivery",
        "pickup"
      ],
      "price": "$",
      "location": {
        "address1": "3545 Del Mar Heights Rd",
        "address2": "Ste C1",
        "address3": "",
        "city": "San Diego",
        "zip_code": "92130",
        "country": "US",
        "state": "CA",
        "display_address": [
          "3545 Del Mar Heights Rd",
          "Ste C1",
          "San Diego, CA 92130"
        ]
      },
      "phone": "+18584818002",
      "display_phone": "(858) 481-8002",
      "distance": 707.3628333008133,
      "business_hours": [
        {
          "open": [
            {
              "is_overnight": false,
              "start": "1030",
              "end": "2200",
              "day": 0
            },
            {
              "is_overnight": false,
              "start": "1030",
              "end": "2200",
              "day": 1
            },
            {
              "is_overnight": false,
              "start": "1030",
              "end": "2200",
              "day": 2
            },
            {
              "is_overnight": false,
              "start": "1030",
              "end": "2200",
              "day": 3
            },
            {
              "is_overnight": false,
              "start": "1030",
              "end": "2200",
              "day": 4
            },
            {
              "is_overnight": false,
              "start": "1030",
              "end": "2200",
              "day": 5
            },
            {
              "is_overnight": false,
              "start": "1100",
              "end": "2100",
              "day": 6
            }
          ],
          "hours_type": "REGULAR",
          "is_open_now": true
        }
      ],
      "attributes": {
        "business_temp_closed": null,
        "menu_url": "https://order.rubios.com/menu/del-mar",
        "open24_hours": null,
        "waitlist_reservation": null
      }
    },
    {
      "id": "0gUE8Em8Ey9tULZHT3LreQ",
      "alias": "mcdonalds-san-diego-31",
      "name": "McDonald's",
      "image_url": "https://s3-media0.fl.yelpcdn.com/bphoto/qVKzbjc4QAbZXQxDSD-kkg/o.jpg",
      "is_closed": false,
      "url": "https://www.yelp.com/biz/mcdonalds-san-diego-31?adjust_creative=jJ612pTMk6t5XIoy6dADWA&utm_campaign=yelp_api_v3&utm_medium=api_v3_business_search&utm_source=jJ612pTMk6t5XIoy6dADWA",
      "review_count": 249,
      "categories": [
        {
          "alias": "burgers",
          "title": "Burgers"
        },
        {
          "alias": "hotdogs",
          "title": "Fast Food"
        },
        {
          "alias": "coffee",
          "title": "Coffee & Tea"
        }
      ],
      "rating": 3.0,
      "coordinates": {
        "latitude": 32.9544506058695,
        "longitude": -117.23145200872
      },
      "transactions": [
        "delivery"
      ],
      "price": "$",
      "location": {
        "address1": "3505 Del Mar Heights Rd",
        "address2": "",
        "address3": "",
        "city": "San Diego",
        "zip_code": "92130",
        "country": "US",
        "state": "CA",
        "display_address": [
          "3505 Del Mar Heights Rd",
          "San Diego, CA 92130"
        ]
      },
      "phone": "+18587558588",
      "display_phone": "(858) 755-8588",
      "distance": 780.6297416438622,
      "business_hours": [
        {
          "open": [
            {
              "is_overnight": false,
              "start": "0545",
              "end": "2300",
              "day": 0
            },
            {
              "is_overnight": false,
              "start": "0545",
              "end": "2300",
              "day": 1
            },
            {
              "is_overnight": false,
              "start": "0545",
              "end": "2300",
              "day": 2
            },
            {
              "is_overnight": false,
              "start": "0545",
              "end": "2300",
              "day": 3
            },
            {
              "is_overnight": true,
              "start": "0530",
              "end": "0100",
              "day": 4
            },
            {
              "is_overnight": true,
              "start": "0530",
              "end": "0100",
              "day": 5
            },
            {
              "is_overnight": false,
              "start": "0600",
              "end": "0000",
              "day": 6
            }
          ],
          "hours_type": "REGULAR",
          "is_open_now": true
        }
      ],
      "attributes": {
        "business_temp_closed": null,
        "menu_url": "https://www.mcdonalds.com/us/en-us/full-menu.html?cid=PS:GCM_MOP:NB::Yelp:All",
        "open24_hours": null,
        "waitlist_reservation": null
      }
    }
  ],
  "normalized_candidates": [
    {
      "id": "yelp:Ppwgm9v_iD00_16i2V7yHg",
      "source": "yelp",
      "name": "Katana Sushi",
      "lat": 32.95399551489792,
      "lng": -117.23005483312645,
      "categories": [
        "sushi",
        "japanese",
        "noodles"
      ],
      "price_level": 2,
      "rating": 4.0,
      "reviews_count": 737,
      "is_open_now": true,
      "address": "12750 Carmel Country Rd, San Diego, CA 92130",
      "distance_m": null,
      "eta_min": null,
      "description": "sushi, japanese, noodles \u2022 Price: $$ \u2022 Rated 4.0/5 from 737 reviews \u2022 12750 Carmel Country Rd, San Diego, CA 92130",
      "dietary_options": [],
      "raw": null
    },
    {
      "id": "yelp:YMtSg1grD_gm9Epe7uAdeg",
      "source": "yelp",
      "name": "Rubio's Coastal Grill",
      "lat": 32.95436,
      "lng": -117.23061,
      "categories": [
        "mexican",
        "seafood",
        "salad"
      ],
      "price_level": 1,
      "rating": 3.1,
      "reviews_count": 208,
      "is_open_now": true,
      "address": "3545 Del Mar Heights Rd, Ste C1, San Diego, CA 92130",
      "distance_m": null,
      "eta_min": null,
      "description": "mexican, seafood, salad \u2022 Price: $ \u2022 Rated 3.1/5 from 208 reviews \u2022 3545 Del Mar Heights Rd, Ste C1, San Diego, CA 92130",
      "dietary_options": [],
      "raw": null
    },
    {
      "id": "yelp:0gUE8Em8Ey9tULZHT3LreQ",
      "source": "yelp",
      "name": "McDonald's",
      "lat": 32.9544506058695,
      "lng": -117.23145200872,
      "categories": [
        "burgers",
        "hotdogs",
        "coffee"
      ],
      "price_level": 1,
      "rating": 3.0,
      "reviews_count": 249,
      "is_open_now": true,
      "address": "3505 Del Mar Heights Rd, San Diego, CA 92130",
      "distance_m": null,
      "eta_min": null,
      "description": "burgers, hotdogs, coffee \u2022 Price: $ \u2022 Rated 3.0/5 from 249 reviews \u2022 3505 Del Mar Heights Rd, San Diego, CA 92130",
      "dietary_options": [],
      "raw": null
    },
    {
      "id": "yelp:vGVYNCtBuMXPlR_dOJBYRA",
      "source": "yelp",
      "name": "OMOMO Tea Shoppe",
      "lat": 32.95331,
      "lng": -117.232738,
      "categories": [
        "bubbletea",
        "coffee",
        "juicebars"
      ],
      "price_level": 2,
      "rating": 4.5,
      "reviews_count": 395,
      "is_open_now": true,
      "address": "3435 Del Mar Heights Rd, Ste 200, San Diego, CA 92130",
      "distance_m": null,
      "eta_min": null,
      "description": "bubbletea, coffee, juicebars \u2022 Price: $$ \u2022 Rated 4.5/5 from 395 reviews \u2022 3435 Del Mar Heights Rd, Ste 200, San Diego, CA 92130",
      "dietary_options": [],
      "raw": null
    },
    {
      "id": "yelp:RxXviGYkaRQM55K5BeRPsw",
      "source": "yelp",
      "name": "Marufuku Ramen",
      "lat": 32.94967554610345,
      "lng": -117.23339403003322,
      "categories": [
        "ramen"
      ],
      "price_level": 2,
      "rating": 4.5,
      "reviews_count": 1126,
      "is_open_now": true,
      "address": "12841 El Camino Real, Ste 204, San Diego, CA 92130",
      "distance_m": null,
      "eta_min": null,
      "description": "ramen \u2022 Price: $$ \u2022 Rated 4.5/5 from 1126 reviews \u2022 12841 El Camino Real, Ste 204, San Diego, CA 92130",
      "dietary_options": [],
      "raw": null
    },
    {
      "id": "yelp:P_YnXx2hiaLB7j3H70uJXA",
      "source": "yelp",
      "name": "Parfait Paris",
      "lat": 32.9498926,
      "lng": -117.2336738,
      "categories": [
        "bakeries",
        "coffee",
        "cakeshop"
      ],
      "price_level": 2,
      "rating": 4.2,
      "reviews_count": 339,
      "is_open_now": true,
      "address": "12841 El Camino Real, Ste 208, San Diego, CA 92130",
      "distance_m": null,
      "eta_min": null,
      "description": "bakeries, coffee, cakeshop \u2022 Price: $$ \u2022 Rated 4.2/5 from 339 reviews \u2022 12841 El Camino Real, Ste 208, San Diego, CA 92130",
      "dietary_options": [],
      "raw": null
    },
    {
      "id": "yelp:t546-VZbBvO6zGk1SuIhFQ",
      "source": "yelp",
      "name": "Urbana",
      "lat": 32.94990889164767,
      "lng": -117.2337335,
      "categories": [
        "mexican",
        "cocktailbars",
        "beerbar"
      ],
      "price_level": 2,
      "rating": 3.9,
      "reviews_count": 276,
      "is_open_now": true,
      "address": "12841 El Camino Real, Ste 200, San Diego, CA 92130",
      "distance_m": null,
      "eta_min": null,
      "description": "mexican, cocktailbars, beerbar \u2022 Price: $$ \u2022 Rated 3.9/5 from 276 reviews \u2022 12841 El Camino Real, Ste 200, San Diego, CA 92130",
      "dietary_options": [],
      "raw": null
    },
    {
      "id": "yelp:R1W5aev1KrKcFrRKcSRfzw",
      "source": "yelp",
      "name": "El Pollo Loco",
      "lat": 32.95081571748986,
      "lng": -117.23412479013736,
      "categories": [
        "mexican",
        "hotdogs",
        "chickenshop"
      ],
      "price_level": 1,
      "rating": 3.3,
      "reviews_count": 133,
      "is_open_now": true,
      "address": "12847 El Camino Real, San Diego, CA 92130",
      "distance_m": null,
      "eta_min": null,
      "description": "mexican, hotdogs, chickenshop \u2022 Price: $ \u2022 Rated 3.3/5 from 133 reviews \u2022 12847 El Camino Real, San Diego, CA 92130",
      "dietary_options": [],
      "raw": null
    },
    {
      "id": "yelp:1Z3NsyVYJk6anRRuJOSV2w",
      "source": "yelp",
      "name": "Mizukiyama Sushi",
      "lat": 32.93813,
      "lng": -117.23596,
      "categories": [
        "japanese",
        "sushi",
        "seafood"
      ],
      "price_level": 2,
      "rating": 4.3,
      "reviews_count": 623,
      "is_open_now": true,
      "address": "3705 Caminito Ct, Ste 540, San Diego, CA 92130",
      "distance_m": null,
      "eta_min": null,
      "description": "japanese, sushi, seafood \u2022 Price: $$ \u2022 Rated 4.3/5 from 623 reviews \u2022 3705 Caminito Ct, Ste 540, San Diego, CA 92130",
      "dietary_options": [],
      "raw": null
    },
    {
      "id": "yelp:OnoSZ8c0zJuGu3tet-6c7Q",
      "source": "yelp",
      "name": "Nico's Taco Shop",
      "lat": 32.9388117355304,
      "lng": -117.231901183541,
      "categories": [
        "mexican"
      ],
      "price_level": 1,
      "rating": 2.6,
      "reviews_count": 474,
      "is_open_now": true,
      "address": "3860 Valley Centre Dr, San Diego, CA 92130",
      "distance_m": null,
      "eta_min": null,
      "description": "mexican \u2022 Price: $ \u2022 Rated 2.6/5 from 474 reviews \u2022 3860 Valley Centre Dr, San Diego, CA 92130",
      "dietary_options": [],
      "raw": null
    },
    {
      "id": "yelp:rr1bLvcot49c9ihvyhwamw",
      "source": "yelp",
      "name": "Chipotle Mexican Grill",
      "lat": 32.9377235895065,
      "lng": -117.230124502678,
      "categories": [
        "mexican",
        "hotdogs"
      ],
      "price_level": 1,
      "rating": 2.7,
      "reviews_count": 263,
      "is_open_now": true,
      "address": "3881 Valley Centre Dr, San Diego, CA 92130",
      "distance_m": null,
      "eta_min": null,
      "description": "mexican, hotdogs \u2022 Price: $ \u2022 Rated 2.7/5 from 263 reviews \u2022 3881 Valley Centre Dr, San Diego, CA 92130",
      "dietary_options": [],
      "raw": null
    },
    {
      "id": "yelp:QJOGlIP2h0YiPyXeCfueLA",
      "source": "yelp",
      "name": "Kotija Jr Taco Shop",
      "lat": 32.9497011908661,
      "lng": -117.246254664469,
      "categories": [
        "tacos",
        "soup"
      ],
      "price_level": 2,
      "rating": 3.8,
      "reviews_count": 615,
      "is_open_now": true,
      "address": "2668 Del Mar Heights Rd, Ste B, Del Mar, CA 92014",
      "distance_m": null,
      "eta_min": null,
      "description": "tacos, soup \u2022 Price: $$ \u2022 Rated 3.8/5 from 615 reviews \u2022 2668 Del Mar Heights Rd, Ste B, Del Mar, CA 92014",
      "dietary_options": [],
      "raw": null
    },
    {
      "id": "yelp:DFDnB9Kim0u85iklN_8j-A",
      "source": "yelp",
      "name": "Jack in the Box",
      "lat": 32.949244,
      "lng": -117.2463918,
      "categories": [
        "hotdogs",
        "burgers",
        "tacos"
      ],
      "price_level": 1,
      "rating": 2.4,
      "reviews_count": 88,
      "is_open_now": true,
      "address": "2690 Del Mar Heights Rd, Del Mar, CA 92014",
      "distance_m": null,
      "eta_min": null,
      "description": "hotdogs, burgers, tacos \u2022 Price: $ \u2022 Rated 2.4/5 from 88 reviews \u2022 2690 Del Mar Heights Rd, Del Mar, CA 92014",
      "dietary_options": [],
      "raw": null
    },
    {
      "id": "yelp:RNt5YhPj1YtyE8G76b3CjA",
      "source": "yelp",
      "name": "7-Eleven",
      "lat": 32.949451,
      "lng": -117.247119,
      "categories": [
        "convenience",
        "coffee"
      ],
      "price_level": 1,
      "rating": 2.4,
      "reviews_count": 38,
      "is_open_now": true,
      "address": "13835 Mango Dr, Del Mar, CA 92014",
      "distance_m": null,
      "eta_min": null,
      "description": "convenience, coffee \u2022 Price: $ \u2022 Rated 2.4/5 from 38 reviews \u2022 13835 Mango Dr, Del Mar, CA 92014",
      "dietary_options": [],
      "raw": null
    },
    {
      "id": "yelp:liNqrMw8Vk_wF933Qfmbyw",
      "source": "yelp",
      "name": "Starbucks",
      "lat": 32.94991,
      "lng": -117.24714,
      "categories": [
        "coffee"
      ],
      "price_level": 2,
      "rating": 3.2,
      "reviews_count": 101,
      "is_open_now": true,
      "address": "2602 Del Mar Heights Rd, Del Mar, CA 92014",
      "distance_m": null,
      "eta_min": null,
      "description": "coffee \u2022 Price: $$ \u2022 Rated 3.2/5 from 101 reviews \u2022 2602 Del Mar Heights Rd, Del Mar, CA 92014",
      "dietary_options": [],
      "raw": null
    },
    {
      "id": "yelp:A4hMqTi9NkKiQ6Pjm0BNXA",
      "source": "yelp",
      "name": "7-Eleven",
      "lat": 32.94891001753753,
      "lng": -117.24709791857684,
      "categories": [
        "convenience",
        "coffee"
      ],
      "price_level": 1,
      "rating": 2.7,
      "reviews_count": 10,
      "is_open_now": true,
      "address": "13801 Mango Dr, Del Mar, CA 92014",
      "distance_m": null,
      "eta_min": null,
      "description": "convenience, coffee \u2022 Price: $ \u2022 Rated 2.7/5 from 10 reviews \u2022 13801 Mango Dr, Del Mar, CA 92014",
      "dietary_options": [],
      "raw": null
    },
    {
      "id": "yelp:cYXVx1p6jwHNOwAGFnaWaQ",
      "source": "yelp",
      "name": "Taco Bell",
      "lat": 32.9342594775275,
      "lng": -117.238644872716,
      "categories": [
        "hotdogs",
        "tacos"
      ],
      "price_level": 1,
      "rating": 1.7,
      "reviews_count": 304,
      "is_open_now": true,
      "address": "3144 Carmel Valley Road, San Diego, CA 92130",
      "distance_m": null,
      "eta_min": null,
      "description": "hotdogs, tacos \u2022 Price: $ \u2022 Rated 1.7/5 from 304 reviews \u2022 3144 Carmel Valley Road, San Diego, CA 92130",
      "dietary_options": [],
      "raw": null
    },
    {
      "id": "yelp:2UKP3TkVfuh83sfL0IrBKg",
      "source": "yelp",
      "name": "Cent'Anni Cafe at Fairmont Grand Del Mar",
      "lat": 32.938235,
      "lng": -117.197661,
      "categories": [
        "coffee",
        "cafes",
        "sandwiches"
      ],
      "price_level": 2,
      "rating": 4.1,
      "reviews_count": 16,
      "is_open_now": true,
      "address": "5300 Grand Del Mar Ct, San Diego, CA 92130",
      "distance_m": null,
      "eta_min": null,
      "description": "coffee, cafes, sandwiches \u2022 Price: $$ \u2022 Rated 4.1/5 from 16 reviews \u2022 5300 Grand Del Mar Ct, San Diego, CA 92130",
      "dietary_options": [],
      "raw": null
    },
    {
      "id": "yelp:VOSTHeQR7QkgHU6sN6apqw",
      "source": "yelp",
      "name": "Roberto's Mexican Food - Del Mar",
      "lat": 32.934245,
      "lng": -117.255138,
      "categories": [
        "mexican",
        "breakfast_brunch"
      ],
      "price_level": 1,
      "rating": 3.1,
      "reviews_count": 726,
      "is_open_now": true,
      "address": "2206 Carmel Valley Rd, Ste 3704, Del Mar, CA 92014",
      "distance_m": null,
      "eta_min": null,
      "description": "mexican, breakfast_brunch \u2022 Price: $ \u2022 Rated 3.1/5 from 726 reviews \u2022 2206 Carmel Valley Rd, Ste 3704, Del Mar, CA 92014",
      "dietary_options": [],
      "raw": null
    },
    {
      "id": "yelp:uZXCnOeEgaWZR2t4G6TH4g",
      "source": "yelp",
      "name": "La Taqueria Jalisco",
      "lat": 33.2050578,
      "lng": -117.249263,
      "categories": [
        "mexican",
        "foodtrucks"
      ],
      "price_level": 2,
      "rating": 3.1,
      "reviews_count": 56,
      "is_open_now": true,
      "address": "365 Olive Av, Vista, CA 92083",
      "distance_m": null,
      "eta_min": null,
      "description": "mexican, foodtrucks \u2022 Price: $$ \u2022 Rated 3.1/5 from 56 reviews \u2022 365 Olive Av, Vista, CA 92083",
      "dietary_options": [],
      "raw": null
    }
  ],
  "filtered_candidates": [
    {
      "id": "yelp:Ppwgm9v_iD00_16i2V7yHg",
      "source": "yelp",
      "name": "Katana Sushi",
      "lat": 32.95399551489792,
      "lng": -117.23005483312645,
      "categories": [
        "sushi",
        "japanese",
        "noodles"
      ],
      "price_level": 2,
      "rating": 4.0,
      "reviews_count": 737,
      "is_open_now": true,
      "address": "12750 Carmel Country Rd, San Diego, CA 92130",
      "distance_m": null,
      "eta_min": null,
      "description": "sushi, japanese, noodles \u2022 Price: $$ \u2022 Rated 4.0/5 from 737 reviews \u2022 12750 Carmel Country Rd, San Diego, CA 92130",
      "dietary_options": [],
      "raw": null
    },
    {
      "id": "yelp:YMtSg1grD_gm9Epe7uAdeg",
      "source": "yelp",
      "name": "Rubio's Coastal Grill",
      "lat": 32.95436,
      "lng": -117.23061,
      "categories": [
        "mexican",
        "seafood",
        "salad"
      ],
      "price_level": 1,
      "rating": 3.1,
      "reviews_count": 208,
      "is_open_now": true,
      "address": "3545 Del Mar Heights Rd, Ste C1, San Diego, CA 92130",
      "distance_m": null,
      "eta_min": null,
      "description": "mexican, seafood, salad \u2022 Price: $ \u2022 Rated 3.1/5 from 208 reviews \u2022 3545 Del Mar Heights Rd, Ste C1, San Diego, CA 92130",
      "dietary_options": [],
      "raw": null
    },
    {
      "id": "yelp:0gUE8Em8Ey9tULZHT3LreQ",
      "source": "yelp",
      "name": "McDonald's",
      "lat": 32.9544506058695,
      "lng": -117.23145200872,
      "categories": [
        "burgers",
        "hotdogs",
        "coffee"
      ],
      "price_level": 1,
      "rating": 3.0,
      "reviews_count": 249,
      "is_open_now": true,
      "address": "3505 Del Mar Heights Rd, San Diego, CA 92130",
      "distance_m": null,
      "eta_min": null,
      "description": "burgers, hotdogs, coffee \u2022 Price: $ \u2022 Rated 3.0/5 from 249 reviews \u2022 3505 Del Mar Heights Rd, San Diego, CA 92130",
      "dietary_options": [],
      "raw": null
    },
    {
      "id": "yelp:vGVYNCtBuMXPlR_dOJBYRA",
      "source": "yelp",
      "name": "OMOMO Tea Shoppe",
      "lat": 32.95331,
      "lng": -117.232738,
      "categories": [
        "bubbletea",
        "coffee",
        "juicebars"
      ],
      "price_level": 2,
      "rating": 4.5,
      "reviews_count": 395,
      "is_open_now": true,
      "address": "3435 Del Mar Heights Rd, Ste 200, San Diego, CA 92130",
      "distance_m": null,
      "eta_min": null,
      "description": "bubbletea, coffee, juicebars \u2022 Price: $$ \u2022 Rated 4.5/5 from 395 reviews \u2022 3435 Del Mar Heights Rd, Ste 200, San Diego, CA 92130",
      "dietary_options": [],
      "raw": null
    },
    {
      "id": "yelp:RxXviGYkaRQM55K5BeRPsw",
      "source": "yelp",
      "name": "Marufuku Ramen",
      "lat": 32.94967554610345,
      "lng": -117.23339403003322,
      "categories": [
        "ramen"
      ],
      "price_level": 2,
      "rating": 4.5,
      "reviews_count": 1126,
      "is_open_now": true,
      "address": "12841 El Camino Real, Ste 204, San Diego, CA 92130",
      "distance_m": null,
      "eta_min": null,
      "description": "ramen \u2022 Price: $$ \u2022 Rated 4.5/5 from 1126 reviews \u2022 12841 El Camino Real, Ste 204, San Diego, CA 92130",
      "dietary_options": [],
      "raw": null
    },
    {
      "id": "yelp:P_YnXx2hiaLB7j3H70uJXA",
      "source": "yelp",
      "name": "Parfait Paris",
      "lat": 32.9498926,
      "lng": -117.2336738,
      "categories": [
        "bakeries",
        "coffee",
        "cakeshop"
      ],
      "price_level": 2,
      "rating": 4.2,
      "reviews_count": 339,
      "is_open_now": true,
      "address": "12841 El Camino Real, Ste 208, San Diego, CA 92130",
      "distance_m": null,
      "eta_min": null,
      "description": "bakeries, coffee, cakeshop \u2022 Price: $$ \u2022 Rated 4.2/5 from 339 reviews \u2022 12841 El Camino Real, Ste 208, San Diego, CA 92130",
      "dietary_options": [],
      "raw": null
    },
    {
      "id": "yelp:t546-VZbBvO6zGk1SuIhFQ",
      "source": "yelp",
      "name": "Urbana",
      "lat": 32.94990889164767,
      "lng": -117.2337335,
      "categories": [
        "mexican",
        "cocktailbars",
        "beerbar"
      ],
      "price_level": 2,
      "rating": 3.9,
      "reviews_count": 276,
      "is_open_now": true,
      "address": "12841 El Camino Real, Ste 200, San Diego, CA 92130",
      "distance_m": null,
      "eta_min": null,
      "description": "mexican, cocktailbars, beerbar \u2022 Price: $$ \u2022 Rated 3.9/5 from 276 reviews \u2022 12841 El Camino Real, Ste 200, San Diego, CA 92130",
      "dietary_options": [],
      "raw": null
    },
    {
      "id": "yelp:R1W5aev1KrKcFrRKcSRfzw",
      "source": "yelp",
      "name": "El Pollo Loco",
      "lat": 32.95081571748986,
      "lng": -117.23412479013736,
      "categories": [
        "mexican",
        "hotdogs",
        "chickenshop"
      ],
      "price_level": 1,
      "rating": 3.3,
      "reviews_count": 133,
      "is_open_now": true,
      "address": "12847 El Camino Real, San Diego, CA 92130",
      "distance_m": null,
      "eta_min": null,
      "description": "mexican, hotdogs, chickenshop \u2022 Price: $ \u2022 Rated 3.3/5 from 133 reviews \u2022 12847 El Camino Real, San Diego, CA 92130",
      "dietary_options": [],
      "raw": null
    },
    {
      "id": "yelp:1Z3NsyVYJk6anRRuJOSV2w",
      "source": "yelp",
      "name": "Mizukiyama Sushi",
      "lat": 32.93813,
      "lng": -117.23596,
      "categories": [
        "japanese",
        "sushi",
        "seafood"
      ],
      "price_level": 2,
      "rating": 4.3,
      "reviews_count": 623,
      "is_open_now": true,
      "address": "3705 Caminito Ct, Ste 540, San Diego, CA 92130",
      "distance_m": null,
      "eta_min": null,
      "description": "japanese, sushi, seafood \u2022 Price: $$ \u2022 Rated 4.3/5 from 623 reviews \u2022 3705 Caminito Ct, Ste 540, San Diego, CA 92130",
      "dietary_options": [],
      "raw": null
    },
    {
      "id": "yelp:OnoSZ8c0zJuGu3tet-6c7Q",
      "source": "yelp",
      "name": "Nico's Taco Shop",
      "lat": 32.9388117355304,
      "lng": -117.231901183541,
      "categories": [
        "mexican"
      ],
      "price_level": 1,
      "rating": 2.6,
      "reviews_count": 474,
      "is_open_now": true,
      "address": "3860 Valley Centre Dr, San Diego, CA 92130",
      "distance_m": null,
      "eta_min": null,
      "description": "mexican \u2022 Price: $ \u2022 Rated 2.6/5 from 474 reviews \u2022 3860 Valley Centre Dr, San Diego, CA 92130",
      "dietary_options": [],
      "raw": null
    },
    {
      "id": "yelp:rr1bLvcot49c9ihvyhwamw",
      "source": "yelp",
      "name": "Chipotle Mexican Grill",
      "lat": 32.9377235895065,
      "lng": -117.230124502678,
      "categories": [
        "mexican",
        "hotdogs"
      ],
      "price_level": 1,
      "rating": 2.7,
      "reviews_count": 263,
      "is_open_now": true,
      "address": "3881 Valley Centre Dr, San Diego, CA 92130",
      "distance_m": null,
      "eta_min": null,
      "description": "mexican, hotdogs \u2022 Price: $ \u2022 Rated 2.7/5 from 263 reviews \u2022 3881 Valley Centre Dr, San Diego, CA 92130",
      "dietary_options": [],
      "raw": null
    },
    {
      "id": "yelp:QJOGlIP2h0YiPyXeCfueLA",
      "source": "yelp",
      "name": "Kotija Jr Taco Shop",
      "lat": 32.9497011908661,
      "lng": -117.246254664469,
      "categories": [
        "tacos",
        "soup"
      ],
      "price_level": 2,
      "rating": 3.8,
      "reviews_count": 615,
      "is_open_now": true,
      "address": "2668 Del Mar Heights Rd, Ste B, Del Mar, CA 92014",
      "distance_m": null,
      "eta_min": null,
      "description": "tacos, soup \u2022 Price: $$ \u2022 Rated 3.8/5 from 615 reviews \u2022 2668 Del Mar Heights Rd, Ste B, Del Mar, CA 92014",
      "dietary_options": [],
      "raw": null
    },
    {
      "id": "yelp:DFDnB9Kim0u85iklN_8j-A",
      "source": "yelp",
      "name": "Jack in the Box",
      "lat": 32.949244,
      "lng": -117.2463918,
      "categories": [
        "hotdogs",
        "burgers",
        "tacos"
      ],
      "price_level": 1,
      "rating": 2.4,
      "reviews_count": 88,
      "is_open_now": true,
      "address": "2690 Del Mar Heights Rd, Del Mar, CA 92014",
      "distance_m": null,
      "eta_min": null,
      "description": "hotdogs, burgers, tacos \u2022 Price: $ \u2022 Rated 2.4/5 from 88 reviews \u2022 2690 Del Mar Heights Rd, Del Mar, CA 92014",
      "dietary_options": [],
      "raw": null
    },
    {
      "id": "yelp:RNt5YhPj1YtyE8G76b3CjA",
      "source": "yelp",
      "name": "7-Eleven",
      "lat": 32.949451,
      "lng": -117.247119,
      "categories": [
        "convenience",
        "coffee"
      ],
      "price_level": 1,
      "rating": 2.4,
      "reviews_count": 38,
      "is_open_now": true,
      "address": "13835 Mango Dr, Del Mar, CA 92014",
      "distance_m": null,
      "eta_min": null,
      "description": "convenience, coffee \u2022 Price: $ \u2022 Rated 2.4/5 from 38 reviews \u2022 13835 Mango Dr, Del Mar, CA 92014",
      "dietary_options": [],
      "raw": null
    },
    {
      "id": "yelp:liNqrMw8Vk_wF933Qfmbyw",
      "source": "yelp",
      "name": "Starbucks",
      "lat": 32.94991,
      "lng": -117.24714,
      "categories": [
        "coffee"
      ],
      "price_level": 2,
      "rating": 3.2,
      "reviews_count": 101,
      "is_open_now": true,
      "address": "2602 Del Mar Heights Rd, Del Mar, CA 92014",
      "distance_m": null,
      "eta_min": null,
      "description": "coffee \u2022 Price: $$ \u2022 Rated 3.2/5 from 101 reviews \u2022 2602 Del Mar Heights Rd, Del Mar, CA 92014",
      "dietary_options": [],
      "raw": null
    },
    {
      "id": "yelp:A4hMqTi9NkKiQ6Pjm0BNXA",
      "source": "yelp",
      "name": "7-Eleven",
      "lat": 32.94891001753753,
      "lng": -117.24709791857684,
      "categories": [
        "convenience",
        "coffee"
      ],
      "price_level": 1,
      "rating": 2.7,
      "reviews_count": 10,
      "is_open_now": true,
      "address": "13801 Mango Dr, Del Mar, CA 92014",
      "distance_m": null,
      "eta_min": null,
      "description": "convenience, coffee \u2022 Price: $ \u2022 Rated 2.7/5 from 10 reviews \u2022 13801 Mango Dr, Del Mar, CA 92014",
      "dietary_options": [],
      "raw": null
    },
    {
      "id": "yelp:cYXVx1p6jwHNOwAGFnaWaQ",
      "source": "yelp",
      "name": "Taco Bell",
      "lat": 32.9342594775275,
      "lng": -117.238644872716,
      "categories": [
        "hotdogs",
        "tacos"
      ],
      "price_level": 1,
      "rating": 1.7,
      "reviews_count": 304,
      "is_open_now": true,
      "address": "3144 Carmel Valley Road, San Diego, CA 92130",
      "distance_m": null,
      "eta_min": null,
      "description": "hotdogs, tacos \u2022 Price: $ \u2022 Rated 1.7/5 from 304 reviews \u2022 3144 Carmel Valley Road, San Diego, CA 92130",
      "dietary_options": [],
      "raw": null
    },
    {
      "id": "yelp:2UKP3TkVfuh83sfL0IrBKg",
      "source": "yelp",
      "name": "Cent'Anni Cafe at Fairmont Grand Del Mar",
      "lat": 32.938235,
      "lng": -117.197661,
      "categories": [
        "coffee",
        "cafes",
        "sandwiches"
      ],
      "price_level": 2,
      "rating": 4.1,
      "reviews_count": 16,
      "is_open_now": true,
      "address": "5300 Grand Del Mar Ct, San Diego, CA 92130",
      "distance_m": null,
      "eta_min": null,
      "description": "coffee, cafes, sandwiches \u2022 Price: $$ \u2022 Rated 4.1/5 from 16 reviews \u2022 5300 Grand Del Mar Ct, San Diego, CA 92130",
      "dietary_options": [],
      "raw": null
    },
    {
      "id": "yelp:VOSTHeQR7QkgHU6sN6apqw",
      "source": "yelp",
      "name": "Roberto's Mexican Food - Del Mar",
      "lat": 32.934245,
      "lng": -117.255138,
      "categories": [
        "mexican",
        "breakfast_brunch"
      ],
      "price_level": 1,
      "rating": 3.1,
      "reviews_count": 726,
      "is_open_now": true,
      "address": "2206 Carmel Valley Rd, Ste 3704, Del Mar, CA 92014",
      "distance_m": null,
      "eta_min": null,
      "description": "mexican, breakfast_brunch \u2022 Price: $ \u2022 Rated 3.1/5 from 726 reviews \u2022 2206 Carmel Valley Rd, Ste 3704, Del Mar, CA 92014",
      "dietary_options": [],
      "raw": null
    },
    {
      "id": "yelp:uZXCnOeEgaWZR2t4G6TH4g",
      "source": "yelp",
      "name": "La Taqueria Jalisco",
      "lat": 33.2050578,
      "lng": -117.249263,
      "categories": [
        "mexican",
        "foodtrucks"
      ],
      "price_level": 2,
      "rating": 3.1,
      "reviews_count": 56,
      "is_open_now": true,
      "address": "365 Olive Av, Vista, CA 92083",
      "distance_m": null,
      "eta_min": null,
      "description": "mexican, foodtrucks \u2022 Price: $$ \u2022 Rated 3.1/5 from 56 reviews \u2022 365 Olive Av, Vista, CA 92083",
      "dietary_options": [],
      "raw": null
    }
  ],
  "ranker_input": {
    "user": {
      "user_id": 1001,
      "dietary_restrictions": [],
      "cuisine_preferences": [
        "japanese",
        "mexican",
        "coffee"
      ],
      "budget_level": 2,
      "dining_style": "casual",
      "max_distance": 1.2427454732996137
    },
    "context": {
      "current_time": "2026-03-15 03:09:55.330824+00:00",
      "current_location": {
        "latitude": 32.9511,
        "longitude": -117.2241
      },
      "available_time": 30,
      "transportation_mode": "walking"
    },
    "restaurants": [
      {
        "restaurant_id": 68337759,
        "name": "Katana Sushi",
        "cuisine_type": [
          "sushi",
          "japanese",
          "noodles"
        ],
        "price_level": 2,
        "location": {
          "latitude": 32.95399551489792,
          "longitude": -117.23005483312645
        },
        "hours": {},
        "rating": 4.0,
        "dietary_options": [],
        "service_style": "casual"
      },
      {
        "restaurant_id": 84486312,
        "name": "Rubio's Coastal Grill",
        "cuisine_type": [
          "mexican",
          "seafood",
          "salad"
        ],
        "price_level": 1,
        "location": {
          "latitude": 32.95436,
          "longitude": -117.23061
        },
        "hours": {},
        "rating": 3.1,
        "dietary_options": [],
        "service_style": "casual"
      },
      {
        "restaurant_id": 78488271,
        "name": "McDonald's",
        "cuisine_type": [
          "burgers",
          "hotdogs",
          "coffee"
        ],
        "price_level": 1,
        "location": {
          "latitude": 32.9544506058695,
          "longitude": -117.23145200872
        },
        "hours": {},
        "rating": 3.0,
        "dietary_options": [],
        "service_style": "casual"
      },
      {
        "restaurant_id": 90376556,
        "name": "OMOMO Tea Shoppe",
        "cuisine_type": [
          "bubbletea",
          "coffee",
          "juicebars"
        ],
        "price_level": 2,
        "location": {
          "latitude": 32.95331,
          "longitude": -117.232738
        },
        "hours": {},
        "rating": 4.5,
        "dietary_options": [],
        "service_style": "casual"
      },
      {
        "restaurant_id": 60691527,
        "name": "Marufuku Ramen",
        "cuisine_type": [
          "ramen"
        ],
        "price_level": 2,
        "location": {
          "latitude": 32.94967554610345,
          "longitude": -117.23339403003322
        },
        "hours": {},
        "rating": 4.5,
        "dietary_options": [],
        "service_style": "casual"
      },
      {
        "restaurant_id": 15980719,
        "name": "Parfait Paris",
        "cuisine_type": [
          "bakeries",
          "coffee",
          "cakeshop"
        ],
        "price_level": 2,
        "location": {
          "latitude": 32.9498926,
          "longitude": -117.2336738
        },
        "hours": {},
        "rating": 4.2,
        "dietary_options": [],
        "service_style": "casual"
      },
      {
        "restaurant_id": 87085383,
        "name": "Urbana",
        "cuisine_type": [
          "mexican",
          "cocktailbars",
          "beerbar"
        ],
        "price_level": 2,
        "location": {
          "latitude": 32.94990889164767,
          "longitude": -117.2337335
        },
        "hours": {},
        "rating": 3.9,
        "dietary_options": [],
        "service_style": "casual"
      },
      {
        "restaurant_id": 29944301,
        "name": "El Pollo Loco",
        "cuisine_type": [
          "mexican",
          "hotdogs",
          "chickenshop"
        ],
        "price_level": 1,
        "location": {
          "latitude": 32.95081571748986,
          "longitude": -117.23412479013736
        },
        "hours": {},
        "rating": 3.3,
        "dietary_options": [],
        "service_style": "casual"
      },
      {
        "restaurant_id": 28611946,
        "name": "Mizukiyama Sushi",
        "cuisine_type": [
          "japanese",
          "sushi",
          "seafood"
        ],
        "price_level": 2,
        "location": {
          "latitude": 32.93813,
          "longitude": -117.23596
        },
        "hours": {},
        "rating": 4.3,
        "dietary_options": [],
        "service_style": "casual"
      },
      {
        "restaurant_id": 8558842,
        "name": "Nico's Taco Shop",
        "cuisine_type": [
          "mexican"
        ],
        "price_level": 1,
        "location": {
          "latitude": 32.9388117355304,
          "longitude": -117.231901183541
        },
        "hours": {},
        "rating": 2.6,
        "dietary_options": [],
        "service_style": "casual"
      },
      {
        "restaurant_id": 1844630,
        "name": "Chipotle Mexican Grill",
        "cuisine_type": [
          "mexican",
          "hotdogs"
        ],
        "price_level": 1,
        "location": {
          "latitude": 32.9377235895065,
          "longitude": -117.230124502678
        },
        "hours": {},
        "rating": 2.7,
        "dietary_options": [],
        "service_style": "casual"
      },
      {
        "restaurant_id": 84964189,
        "name": "Kotija Jr Taco Shop",
        "cuisine_type": [
          "tacos",
          "soup"
        ],
        "price_level": 2,
        "location": {
          "latitude": 32.9497011908661,
          "longitude": -117.246254664469
        },
        "hours": {},
        "rating": 3.8,
        "dietary_options": [],
        "service_style": "casual"
      },
      {
        "restaurant_id": 82646411,
        "name": "Jack in the Box",
        "cuisine_type": [
          "hotdogs",
          "burgers",
          "tacos"
        ],
        "price_level": 1,
        "location": {
          "latitude": 32.949244,
          "longitude": -117.2463918
        },
        "hours": {},
        "rating": 2.4,
        "dietary_options": [],
        "service_style": "casual"
      },
      {
        "restaurant_id": 20323854,
        "name": "7-Eleven",
        "cuisine_type": [
          "convenience",
          "coffee"
        ],
        "price_level": 1,
        "location": {
          "latitude": 32.949451,
          "longitude": -117.247119
        },
        "hours": {},
        "rating": 2.4,
        "dietary_options": [],
        "service_style": "casual"
      },
      {
        "restaurant_id": 92073142,
        "name": "Starbucks",
        "cuisine_type": [
          "coffee"
        ],
        "price_level": 2,
        "location": {
          "latitude": 32.94991,
          "longitude": -117.24714
        },
        "hours": {},
        "rating": 3.2,
        "dietary_options": [],
        "service_style": "casual"
      },
      {
        "restaurant_id": 81089826,
        "name": "7-Eleven",
        "cuisine_type": [
          "convenience",
          "coffee"
        ],
        "price_level": 1,
        "location": {
          "latitude": 32.94891001753753,
          "longitude": -117.24709791857684
        },
        "hours": {},
        "rating": 2.7,
        "dietary_options": [],
        "service_style": "casual"
      },
      {
        "restaurant_id": 81636127,
        "name": "Taco Bell",
        "cuisine_type": [
          "hotdogs",
          "tacos"
        ],
        "price_level": 1,
        "location": {
          "latitude": 32.9342594775275,
          "longitude": -117.238644872716
        },
        "hours": {},
        "rating": 1.7,
        "dietary_options": [],
        "service_style": "casual"
      },
      {
        "restaurant_id": 63248143,
        "name": "Cent'Anni Cafe at Fairmont Grand Del Mar",
        "cuisine_type": [
          "coffee",
          "cafes",
          "sandwiches"
        ],
        "price_level": 2,
        "location": {
          "latitude": 32.938235,
          "longitude": -117.197661
        },
        "hours": {},
        "rating": 4.1,
        "dietary_options": [],
        "service_style": "casual"
      },
      {
        "restaurant_id": 37491310,
        "name": "Roberto's Mexican Food - Del Mar",
        "cuisine_type": [
          "mexican",
          "breakfast_brunch"
        ],
        "price_level": 1,
        "location": {
          "latitude": 32.934245,
          "longitude": -117.255138
        },
        "hours": {},
        "rating": 3.1,
        "dietary_options": [],
        "service_style": "casual"
      },
      {
        "restaurant_id": 91019160,
        "name": "La Taqueria Jalisco",
        "cuisine_type": [
          "mexican",
          "foodtrucks"
        ],
        "price_level": 2,
        "location": {
          "latitude": 33.2050578,
          "longitude": -117.249263
        },
        "hours": {},
        "rating": 3.1,
        "dietary_options": [],
        "service_style": "casual"
      }
    ],
    "user_history": []
  },
  "ranker_output": [
    {
      "restaurant_id": 68337759,
      "name": "Katana Sushi",
      "overall_score": 0.7296662176148556,
      "score_breakdown": {
        "distance": 0.5261313777345086,
        "price": 1.0,
        "dietary_match": 1.0,
        "time_match": 0.7,
        "preference_score": 1.0,
        "history_score": 0.0,
        "rating": 0.75
      }
    },
    {
      "restaurant_id": 90376556,
      "name": "OMOMO Tea Shoppe",
      "overall_score": 0.7000552795630116,
      "score_breakdown": {
        "distance": 0.43056354875808966,
        "price": 1.0,
        "dietary_match": 1.0,
        "time_match": 0.7,
        "preference_score": 1.0,
        "history_score": 0.0,
        "rating": 0.875
      }
    },
    {
      "restaurant_id": 84486312,
      "name": "Rubio's Coastal Grill",
      "overall_score": 0.6874999926052893,
      "score_breakdown": {
        "distance": 0.49292166777020013,
        "price": 0.9,
        "dietary_match": 1.0,
        "time_match": 0.7,
        "preference_score": 1.0,
        "history_score": 0.0,
        "rating": 0.525
      }
    },
    {
      "restaurant_id": 15980719,
      "name": "Parfait Paris",
      "overall_score": 0.6855904426035221,
      "score_breakdown": {
        "distance": 0.405189931018677,
        "price": 1.0,
        "dietary_match": 1.0,
        "time_match": 0.7,
        "preference_score": 1.0,
        "history_score": 0.0,
        "rating": 0.8
      }
    },
    {
      "restaurant_id": 87085383,
      "name": "Urbana",
      "overall_score": 0.6801872593192237,
      "score_breakdown": {
        "distance": 0.40307091849391113,
        "price": 1.0,
        "dietary_match": 1.0,
        "time_match": 0.7,
        "preference_score": 1.0,
        "history_score": 0.0,
        "rating": 0.725
      }
    },
    {
      "restaurant_id": 60691527,
      "name": "Marufuku Ramen",
      "overall_score": 0.673928014500845,
      "score_breakdown": {
        "distance": 0.4141164709479517,
        "price": 1.0,
        "dietary_match": 1.0,
        "time_match": 0.7,
        "preference_score": 0.7,
        "history_score": 0.0,
        "rating": 0.875
      }
    },
    {
      "restaurant_id": 78488271,
      "name": "McDonald's",
      "overall_score": 0.6724036461265476,
      "score_breakdown": {
        "distance": 0.4580961039151157,
        "price": 0.9,
        "dietary_match": 1.0,
        "time_match": 0.7,
        "preference_score": 1.0,
        "history_score": 0.0,
        "rating": 0.5
      }
    },
    {
      "restaurant_id": 29944301,
      "name": "El Pollo Loco",
      "overall_score": 0.6513039531034425,
      "score_breakdown": {
        "distance": 0.39220171097630396,
        "price": 0.9,
        "dietary_match": 1.0,
        "time_match": 0.7,
        "preference_score": 1.0,
        "history_score": 0.0,
        "rating": 0.575
      }
    },
    {
      "restaurant_id": 28611946,
      "name": "Mizukiyama Sushi",
      "overall_score": 0.5924884953746575,
      "score_breakdown": {
        "distance": 0.16234999415424178,
        "price": 1.0,
        "dietary_match": 1.0,
        "time_match": 0.7,
        "preference_score": 1.0,
        "history_score": 0.0,
        "rating": 0.825
      }
    },
    {
      "restaurant_id": 8558842,
      "name": "Nico's Taco Shop",
      "overall_score": 0.570641042976151,
      "score_breakdown": {
        "distance": 0.212608941613496,
        "price": 0.9,
        "dietary_match": 1.0,
        "time_match": 0.7,
        "preference_score": 1.0,
        "history_score": 0.0,
        "rating": 0.4
      }
    },
    {
      "restaurant_id": 1844630,
      "name": "Chipotle Mexican Grill",
      "overall_score": 0.5687691853187726,
      "score_breakdown": {
        "distance": 0.20388959605901866,
        "price": 0.9,
        "dietary_match": 1.0,
        "time_match": 0.7,
        "preference_score": 1.0,
        "history_score": 0.0,
        "rating": 0.42500000000000004
      }
    },
    {
      "restaurant_id": 63248143,
      "name": "Cent'Anni Cafe at Fairmont Grand Del Mar",
      "overall_score": 0.5261737089201878,
      "score_breakdown": {
        "distance": 0.0,
        "price": 1.0,
        "dietary_match": 1.0,
        "time_match": 0.7,
        "preference_score": 1.0,
        "history_score": 0.0,
        "rating": 0.7749999999999999
      }
    },
    {
      "restaurant_id": 92073142,
      "name": "Starbucks",
      "overall_score": 0.5124413145539906,
      "score_breakdown": {
        "distance": 0.0,
        "price": 1.0,
        "dietary_match": 1.0,
        "time_match": 0.7,
        "preference_score": 1.0,
        "history_score": 0.0,
        "rating": 0.55
      }
    },
    {
      "restaurant_id": 91019160,
      "name": "La Taqueria Jalisco",
      "overall_score": 0.5109154929577464,
      "score_breakdown": {
        "distance": 0.0,
        "price": 1.0,
        "dietary_match": 1.0,
        "time_match": 0.7,
        "preference_score": 1.0,
        "history_score": 0.0,
        "rating": 0.525
      }
    },
    {
      "restaurant_id": 84964189,
      "name": "Kotija Jr Taco Shop",
      "overall_score": 0.5018779342723004,
      "score_breakdown": {
        "distance": 0.0,
        "price": 1.0,
        "dietary_match": 1.0,
        "time_match": 0.7,
        "preference_score": 0.7,
        "history_score": 0.0,
        "rating": 0.7
      }
    },
    {
      "restaurant_id": 37491310,
      "name": "Roberto's Mexican Food - Del Mar",
      "overall_score": 0.4954225352112676,
      "score_breakdown": {
        "distance": 0.0,
        "price": 0.9,
        "dietary_match": 1.0,
        "time_match": 0.7,
        "preference_score": 1.0,
        "history_score": 0.0,
        "rating": 0.525
      }
    },
    {
      "restaurant_id": 81089826,
      "name": "7-Eleven",
      "overall_score": 0.4893192488262911,
      "score_breakdown": {
        "distance": 0.0,
        "price": 0.9,
        "dietary_match": 1.0,
        "time_match": 0.7,
        "preference_score": 1.0,
        "history_score": 0.0,
        "rating": 0.42500000000000004
      }
    },
    {
      "restaurant_id": 20323854,
      "name": "7-Eleven",
      "overall_score": 0.4847417840375587,
      "score_breakdown": {
        "distance": 0.0,
        "price": 0.9,
        "dietary_match": 1.0,
        "time_match": 0.7,
        "preference_score": 1.0,
        "history_score": 0.0,
        "rating": 0.35
      }
    },
    {
      "restaurant_id": 82646411,
      "name": "Jack in the Box",
      "overall_score": 0.46502347417840373,
      "score_breakdown": {
        "distance": 0.0,
        "price": 0.9,
        "dietary_match": 1.0,
        "time_match": 0.7,
        "preference_score": 0.7,
        "history_score": 0.0,
        "rating": 0.35
      }
    },
    {
      "restaurant_id": 81636127,
      "name": "Taco Bell",
      "overall_score": 0.4543427230046948,
      "score_breakdown": {
        "distance": 0.0,
        "price": 0.9,
        "dietary_match": 1.0,
        "time_match": 0.7,
        "preference_score": 0.7,
        "history_score": 0.0,
        "rating": 0.175
      }
    }
  ]
}

================================================================================
SAMPLE RANKER INPUT RESTAURANT
================================================================================
{
  "restaurant_id": 68337759,
  "name": "Katana Sushi",
  "cuisine_type": [
    "sushi",
    "japanese",
    "noodles"
  ],
  "price_level": 2,
  "location": {
    "latitude": 32.95399551489792,
    "longitude": -117.23005483312645
  },
  "hours": {},
  "rating": 4.0,
  "dietary_options": [],
  "service_style": "casual"
}

================================================================================
RECOMMEND RESPONSE [lunch, walk, 30 min]
================================================================================
{
  "generated_at": "2026-03-15T03:09:57.085501+00:00",
  "recommendations": [
    {
      "id": "yelp:Ppwgm9v_iD00_16i2V7yHg",
      "source": "yelp",
      "name": "Katana Sushi",
      "lat": 32.95399551489792,
      "lng": -117.23005483312645,
      "categories": [
        "sushi",
        "japanese",
        "noodles"
      ],
      "price_level": 2,
      "rating": 4.0,
      "reviews_count": 737,
      "is_open_now": true,
      "address": "12750 Carmel Country Rd, San Diego, CA 92130",
      "distance_m": null,
      "eta_min": null,
      "description": "sushi, japanese, noodles \u2022 Price: $$ \u2022 Rated 4.0/5 from 737 reviews \u2022 12750 Carmel Country Rd, San Diego, CA 92130",
      "dietary_options": [],
      "raw": null,
      "explanation": "Katana Sushi: distance=0.53, price=1.00, diet=1.00, time=0.70, pref=1.00, history=0.00"
    },
    {
      "id": "yelp:vGVYNCtBuMXPlR_dOJBYRA",
      "source": "yelp",
      "name": "OMOMO Tea Shoppe",
      "lat": 32.95331,
      "lng": -117.232738,
      "categories": [
        "bubbletea",
        "coffee",
        "juicebars"
      ],
      "price_level": 2,
      "rating": 4.5,
      "reviews_count": 395,
      "is_open_now": true,
      "address": "3435 Del Mar Heights Rd, Ste 200, San Diego, CA 92130",
      "distance_m": null,
      "eta_min": null,
      "description": "bubbletea, coffee, juicebars \u2022 Price: $$ \u2022 Rated 4.5/5 from 395 reviews \u2022 3435 Del Mar Heights Rd, Ste 200, San Diego, CA 92130",
      "dietary_options": [],
      "raw": null,
      "explanation": "OMOMO Tea Shoppe: distance=0.43, price=1.00, diet=1.00, time=0.70, pref=1.00, history=0.00"
    },
    {
      "id": "yelp:YMtSg1grD_gm9Epe7uAdeg",
      "source": "yelp",
      "name": "Rubio's Coastal Grill",
      "lat": 32.95436,
      "lng": -117.23061,
      "categories": [
        "mexican",
        "seafood",
        "salad"
      ],
      "price_level": 1,
      "rating": 3.1,
      "reviews_count": 208,
      "is_open_now": true,
      "address": "3545 Del Mar Heights Rd, Ste C1, San Diego, CA 92130",
      "distance_m": null,
      "eta_min": null,
      "description": "mexican, seafood, salad \u2022 Price: $ \u2022 Rated 3.1/5 from 208 reviews \u2022 3545 Del Mar Heights Rd, Ste C1, San Diego, CA 92130",
      "dietary_options": [],
      "raw": null,
      "explanation": "Rubio's Coastal Grill: distance=0.49, price=0.90, diet=1.00, time=0.70, pref=1.00, history=0.00"
    }
  ]
}

================================================================================
ADD FAVORITE RESPONSE
================================================================================
{
  "ok": true
}

================================================================================
GET FAVORITES RESPONSE
================================================================================
{
  "favorites": [
    {
      "id": "yelp:Ppwgm9v_iD00_16i2V7yHg",
      "name": "Katana Sushi",
      "address": "12750 Carmel Country Rd, San Diego, CA 92130",
      "rating": 4.0,
      "description": "sushi, japanese, noodles \u2022 Price: $$ \u2022 Rated 4.0/5 from 737 reviews \u2022 12750 Carmel Country Rd, San Diego, CA 92130"
    }
  ]
}

================================================================================
VISIT LOG RESPONSE
================================================================================
{
  "ok": true
}

================================================================================
RECOMMEND RESPONSE [snack, walk, 10 min]
================================================================================
{
  "generated_at": "2026-03-15T03:09:58.673444+00:00",
  "recommendations": [
    {
      "id": "yelp:Ppwgm9v_iD00_16i2V7yHg",
      "source": "yelp",
      "name": "Katana Sushi",
      "lat": 32.95399551489792,
      "lng": -117.23005483312645,
      "categories": [
        "sushi",
        "japanese",
        "noodles"
      ],
      "price_level": 2,
      "rating": 4.0,
      "reviews_count": 737,
      "is_open_now": true,
      "address": "12750 Carmel Country Rd, San Diego, CA 92130",
      "distance_m": null,
      "eta_min": null,
      "description": "sushi, japanese, noodles \u2022 Price: $$ \u2022 Rated 4.0/5 from 737 reviews \u2022 12750 Carmel Country Rd, San Diego, CA 92130",
      "dietary_options": [],
      "raw": null,
      "explanation": "Katana Sushi: distance=0.53, price=1.00, diet=1.00, time=0.70, pref=1.00, history=0.00"
    },
    {
      "id": "yelp:vGVYNCtBuMXPlR_dOJBYRA",
      "source": "yelp",
      "name": "OMOMO Tea Shoppe",
      "lat": 32.95331,
      "lng": -117.232738,
      "categories": [
        "bubbletea",
        "coffee",
        "juicebars"
      ],
      "price_level": 2,
      "rating": 4.5,
      "reviews_count": 395,
      "is_open_now": true,
      "address": "3435 Del Mar Heights Rd, Ste 200, San Diego, CA 92130",
      "distance_m": null,
      "eta_min": null,
      "description": "bubbletea, coffee, juicebars \u2022 Price: $$ \u2022 Rated 4.5/5 from 395 reviews \u2022 3435 Del Mar Heights Rd, Ste 200, San Diego, CA 92130",
      "dietary_options": [],
      "raw": null,
      "explanation": "OMOMO Tea Shoppe: distance=0.43, price=1.00, diet=1.00, time=0.70, pref=1.00, history=0.00"
    },
    {
      "id": "yelp:YMtSg1grD_gm9Epe7uAdeg",
      "source": "yelp",
      "name": "Rubio's Coastal Grill",
      "lat": 32.95436,
      "lng": -117.23061,
      "categories": [
        "mexican",
        "seafood",
        "salad"
      ],
      "price_level": 1,
      "rating": 3.1,
      "reviews_count": 208,
      "is_open_now": true,
      "address": "3545 Del Mar Heights Rd, Ste C1, San Diego, CA 92130",
      "distance_m": null,
      "eta_min": null,
      "description": "mexican, seafood, salad \u2022 Price: $ \u2022 Rated 3.1/5 from 208 reviews \u2022 3545 Del Mar Heights Rd, Ste C1, San Diego, CA 92130",
      "dietary_options": [],
      "raw": null,
      "explanation": "Rubio's Coastal Grill: distance=0.49, price=0.90, diet=1.00, time=0.70, pref=1.00, history=0.00"
    }
  ]
}

================================================================================
VISIT LOG RESPONSE
================================================================================
{
  "ok": true
}

================================================================================
RECOMMEND RESPONSE [dinner, drive, 60 min]
================================================================================
{
  "generated_at": "2026-03-15T03:10:00.255769+00:00",
  "recommendations": [
    {
      "id": "yelp:Ppwgm9v_iD00_16i2V7yHg",
      "source": "yelp",
      "name": "Katana Sushi",
      "lat": 32.95399551489792,
      "lng": -117.23005483312645,
      "categories": [
        "sushi",
        "japanese",
        "noodles"
      ],
      "price_level": 2,
      "rating": 4.0,
      "reviews_count": 737,
      "is_open_now": true,
      "address": "12750 Carmel Country Rd, San Diego, CA 92130",
      "distance_m": null,
      "eta_min": null,
      "description": "sushi, japanese, noodles \u2022 Price: $$ \u2022 Rated 4.0/5 from 737 reviews \u2022 12750 Carmel Country Rd, San Diego, CA 92130",
      "dietary_options": [],
      "raw": null,
      "explanation": "Katana Sushi: distance=0.53, price=1.00, diet=1.00, time=0.70, pref=1.00, history=0.00"
    },
    {
      "id": "yelp:vGVYNCtBuMXPlR_dOJBYRA",
      "source": "yelp",
      "name": "OMOMO Tea Shoppe",
      "lat": 32.95331,
      "lng": -117.232738,
      "categories": [
        "bubbletea",
        "coffee",
        "juicebars"
      ],
      "price_level": 2,
      "rating": 4.5,
      "reviews_count": 395,
      "is_open_now": true,
      "address": "3435 Del Mar Heights Rd, Ste 200, San Diego, CA 92130",
      "distance_m": null,
      "eta_min": null,
      "description": "bubbletea, coffee, juicebars \u2022 Price: $$ \u2022 Rated 4.5/5 from 395 reviews \u2022 3435 Del Mar Heights Rd, Ste 200, San Diego, CA 92130",
      "dietary_options": [],
      "raw": null,
      "explanation": "OMOMO Tea Shoppe: distance=0.43, price=1.00, diet=1.00, time=0.70, pref=1.00, history=0.00"
    },
    {
      "id": "yelp:P_YnXx2hiaLB7j3H70uJXA",
      "source": "yelp",
      "name": "Parfait Paris",
      "lat": 32.9498926,
      "lng": -117.2336738,
      "categories": [
        "bakeries",
        "coffee",
        "cakeshop"
      ],
      "price_level": 2,
      "rating": 4.2,
      "reviews_count": 339,
      "is_open_now": true,
      "address": "12841 El Camino Real, Ste 208, San Diego, CA 92130",
      "distance_m": null,
      "eta_min": null,
      "description": "bakeries, coffee, cakeshop \u2022 Price: $$ \u2022 Rated 4.2/5 from 339 reviews \u2022 12841 El Camino Real, Ste 208, San Diego, CA 92130",
      "dietary_options": [],
      "raw": null,
      "explanation": "Parfait Paris: distance=0.41, price=1.00, diet=1.00, time=0.70, pref=1.00, history=0.00"
    }
  ]
}

================================================================================
VISIT LOG RESPONSE
================================================================================
{
  "ok": true
}

================================================================================
RECOMMEND RESPONSE [lunch, walk, 25 min]
================================================================================
{
  "generated_at": "2026-03-15T03:10:01.836760+00:00",
  "recommendations": [
    {
      "id": "yelp:Ppwgm9v_iD00_16i2V7yHg",
      "source": "yelp",
      "name": "Katana Sushi",
      "lat": 32.95399551489792,
      "lng": -117.23005483312645,
      "categories": [
        "sushi",
        "japanese",
        "noodles"
      ],
      "price_level": 2,
      "rating": 4.0,
      "reviews_count": 737,
      "is_open_now": true,
      "address": "12750 Carmel Country Rd, San Diego, CA 92130",
      "distance_m": null,
      "eta_min": null,
      "description": "sushi, japanese, noodles \u2022 Price: $$ \u2022 Rated 4.0/5 from 737 reviews \u2022 12750 Carmel Country Rd, San Diego, CA 92130",
      "dietary_options": [],
      "raw": null,
      "explanation": "Katana Sushi: distance=0.53, price=1.00, diet=1.00, time=0.70, pref=1.00, history=0.62"
    },
    {
      "id": "yelp:vGVYNCtBuMXPlR_dOJBYRA",
      "source": "yelp",
      "name": "OMOMO Tea Shoppe",
      "lat": 32.95331,
      "lng": -117.232738,
      "categories": [
        "bubbletea",
        "coffee",
        "juicebars"
      ],
      "price_level": 2,
      "rating": 4.5,
      "reviews_count": 395,
      "is_open_now": true,
      "address": "3435 Del Mar Heights Rd, Ste 200, San Diego, CA 92130",
      "distance_m": null,
      "eta_min": null,
      "description": "bubbletea, coffee, juicebars \u2022 Price: $$ \u2022 Rated 4.5/5 from 395 reviews \u2022 3435 Del Mar Heights Rd, Ste 200, San Diego, CA 92130",
      "dietary_options": [],
      "raw": null,
      "explanation": "OMOMO Tea Shoppe: distance=0.43, price=1.00, diet=1.00, time=0.70, pref=1.00, history=0.15"
    },
    {
      "id": "yelp:YMtSg1grD_gm9Epe7uAdeg",
      "source": "yelp",
      "name": "Rubio's Coastal Grill",
      "lat": 32.95436,
      "lng": -117.23061,
      "categories": [
        "mexican",
        "seafood",
        "salad"
      ],
      "price_level": 1,
      "rating": 3.1,
      "reviews_count": 208,
      "is_open_now": true,
      "address": "3545 Del Mar Heights Rd, Ste C1, San Diego, CA 92130",
      "distance_m": null,
      "eta_min": null,
      "description": "mexican, seafood, salad \u2022 Price: $ \u2022 Rated 3.1/5 from 208 reviews \u2022 3545 Del Mar Heights Rd, Ste C1, San Diego, CA 92130",
      "dietary_options": [],
      "raw": null,
      "explanation": "Rubio's Coastal Grill: distance=0.49, price=0.90, diet=1.00, time=0.70, pref=1.00, history=0.15"
    }
  ]
}

================================================================================
VISIT LOG RESPONSE
================================================================================
{
  "ok": true
}

================================================================================
GET FAVORITES RESPONSE
================================================================================
{
  "favorites": [
    {
      "id": "yelp:Ppwgm9v_iD00_16i2V7yHg",
      "name": "Katana Sushi",
      "address": "12750 Carmel Country Rd, San Diego, CA 92130",
      "rating": 4.0,
      "description": "sushi, japanese, noodles \u2022 Price: $$ \u2022 Rated 4.0/5 from 737 reviews \u2022 12750 Carmel Country Rd, San Diego, CA 92130"
    }
  ]
}

================================================================================
DELETE PROFILE RESPONSE
================================================================================
{
  "ok": true,
  "deleted_user_id": "1001"
}

================================================================================
VERIFY PROFILE DELETED
================================================================================
{
  "detail": "Profile not found"
}

================================================================================
VERIFY FAVORITES CLEARED
================================================================================
{
  "favorites": []
}

All server interface tests completed successfully.
